// Jest Snapshot v1, https://goo.gl/fbAQLP

exports[`Foundation/Grid Grid smoke-test 1`] = `
<style>
  .storybook-grid-example {
            margin: var(--kd-negative-page-gutter);
          }
          
          .kd-grid {
            margin-top: 32px;
            margin-bottom: 32px;
          }

          .kd-grid > div {
            text-align: center;
            border: 1px solid lightgray;
            padding: 16px;
          }
</style>
<div class="storybook-grid-example">
  <div class="kd-spacing--page-gutter">
    <div class=" kd-grid ">
      <div class="kd-grid__col--sm-4 kd-grid__col--md-8 kd-grid__col--lg-12">
        12 cols @ max, xl, lg, 8 cols @ md, and 4 cols @ sm
      </div>
    </div>
    <div class=" kd-grid ">
      <div class="kd-grid__col--sm-4 kd-grid__col--md-4 kd-grid__col--lg-6">
        6 cols @ max, xl, lg, 4 cols @ md and sm
      </div>
      <div class="kd-grid__col--sm-4 kd-grid__col--md-4 kd-grid__col--lg-6">
        6 cols @ max, xl, lg, 4 cols @ md and sm
      </div>
    </div>
    <div class=" kd-grid ">
      <div class="kd-grid__col--sm-2 kd-grid__col--md-4 kd-grid__col--lg-4">
        4 cols @ max, xl, lg, md and 2 cols @ sm
      </div>
      <div class="kd-grid__col--sm-2 kd-grid__col--md-4 kd-grid__col--lg-4">
        4 cols @ max, xl, lg, md and 2 cols @ sm
      </div>
      <div class="kd-grid__col--sm-2 kd-grid__col--md-4 kd-grid__col--lg-4">
        4 cols @ max, xl, lg, md and 2 cols @ sm
      </div>
    </div>
    <div class=" kd-grid ">
      <div class="kd-grid__col--sm-2 kd-grid__col--md-4 kd-grid__col--lg-3">
        3 cols @ max, xl, lg, 4 cols @ md, and 2 cols @ sm
      </div>
      <div class="kd-grid__col--sm-2 kd-grid__col--md-4 kd-grid__col--lg-3">
        3 cols @ max, xl, lg, 4 cols @ md, and 2 cols @ sm
      </div>
      <div class="kd-grid__col--sm-2 kd-grid__col--md-4 kd-grid__col--lg-3">
        3 cols @ max, xl, lg, 4 cols @ md, and 2 cols @ sm
      </div>
      <div class="kd-grid__col--sm-2 kd-grid__col--md-4 kd-grid__col--lg-3">
        3 cols @ max, xl, lg, 4 cols @ md, and 2 cols @ sm
      </div>
    </div>
    <div class=" kd-grid ">
      <div class="kd-grid__col--sm-2 kd-grid__col--md-4 kd-grid__col--lg-2">
        2 cols @ max, xl, lg, sm, 4 cols @ md
      </div>
      <div class="kd-grid__col--sm-2 kd-grid__col--md-4 kd-grid__col--lg-2">
        2 cols @ max, xl, lg, sm, 4 cols @ md
      </div>
      <div class="kd-grid__col--sm-2 kd-grid__col--md-4 kd-grid__col--lg-2">
        2 cols @ max, xl, lg, sm, 4 cols @ md
      </div>
      <div class="kd-grid__col--sm-2 kd-grid__col--md-4 kd-grid__col--lg-2">
        2 cols @ max, xl, lg, sm, 4 cols @ md
      </div>
      <div class="kd-grid__col--sm-2 kd-grid__col--md-4 kd-grid__col--lg-2">
        2 cols @ max, xl, lg, sm, 4 cols @ md
      </div>
      <div class="kd-grid__col--sm-2 kd-grid__col--md-4 kd-grid__col--lg-2">
        2 cols @ max, xl, lg, sm, 4 cols @ md
      </div>
    </div>
  </div>
</div>
`;
