// Jest Snapshot v1, https://goo.gl/fbAQLP

exports[`Foundation/Spacing Spacing smoke-test 1`] = `
<style>
  .outer-container {
          background: #ffaaaa;
          display: inline-block;
        }

        .middle-container {
          display: inline-block;
          border: 1px solid #000;
          background: #aaffaa;
        }
        .inner-container {
          background: #fff;
        }
</style>
<div class="outer-container">
  <div class=" kd-spacing--padding-left-0 kd-spacing--padding-right-0 kd-spacing--padding-top-0 kd-spacing--padding-bottom-0 kd-spacing--margin-left-0 kd-spacing--margin-right-0 kd-spacing--margin-top-0 kd-spacing--margin-bottom-0 middle-container ">
    <div class="inner-container">
      Sample Text
    </div>
    <div>
    </div>
  </div>
</div>
`;
