// Jest Snapshot v1, https://goo.gl/fbAQLP

exports[`Foundation/Typography Body smoke-test 1`] = `
<div class="type-examples">
  <div class="kd-type--body-01   ">
    Body-01
  </div>
  <div class="kd-type--body-02   ">
    Body-02
  </div>
</div>
`;

exports[`Foundation/Typography Display smoke-test 1`] = `
<div class="type-examples">
  <div class="kd-type--display-01   ">
    Display-01
  </div>
  <div class="kd-type--display-02   ">
    Display-02
  </div>
  <div class="kd-type--display-03   ">
    Display-03
  </div>
</div>
`;

exports[`Foundation/Typography Headline smoke-test 1`] = `
<div class="type-examples">
  <div class="kd-type--headline-01   ">
    Headline-01
  </div>
  <div class="kd-type--headline-02   ">
    Headline-02
  </div>
  <div class="kd-type--headline-03   ">
    Headline-03
  </div>
  <div class="kd-type--headline-04   ">
    Headline-04
  </div>
  <div class="kd-type--headline-05   ">
    Headline-05
  </div>
  <div class="kd-type--headline-06   ">
    Headline-06
  </div>
  <div class="kd-type--headline-07   ">
    Headline-07
  </div>
  <div class="kd-type--headline-08   ">
    Headline-08
  </div>
</div>
`;

exports[`Foundation/Typography Hero smoke-test 1`] = `
<div class="type-examples">
  <div class="kd-type--hero-01   ">
    Hero-01
  </div>
  <div class="kd-type--hero-02   ">
    Hero-02
  </div>
  <div class="kd-type--hero-03   ">
    Hero-03
  </div>
  <div class="kd-type--hero-04   ">
    Hero-04
  </div>
</div>
`;

exports[`Foundation/Typography Utility smoke-test 1`] = `
<div class="type-examples">
  <div class="kd-type--ui-01   ">
    UI-01
  </div>
  <div class="kd-type--ui-02   ">
    UI-02
  </div>
  <div class="kd-type--ui-03   ">
    UI-03
  </div>
  <div class="kd-type--ui-04   ">
    UI-04
  </div>
  <div class="kd-type--ui-05   ">
    UI-05
  </div>
</div>
`;
